==89045== Memcheck, a memory error detector
==89045== Copyright (C) 2002-2024, and GNU GPL'd, by Julian Seward et al.
==89045== Using Valgrind-3.26.0 and LibVEX; rerun with -h for copyright info
==89045== Command: /usr/bin/wc -l
==89045== Parent PID: 89020
==8904==89020== 
==89020== FILE DESCRIPTORS: 3 open (3 inherited) at exit.
==89020== 
==89020== HEAP SUMMARY:
==89020==     in use at exit: 0 bytes in 0 blocks
==89020==   total heap usage: 271 allocs, 271 frees, 6,453 bytes allocated
==89020== 
==89020== All heap blocks were freed -- no leaks are possible
==89020== 
==89020== For lists of detected and suppressed errors, rerun with: -s
==89020== ERROR SUMMARY: 0 errors from 0 contexts (suppressed: 0 from 0)
  by 0x54FD600: (below main) (libc_start_call_main.h:59)
==89045==  Address 0x7ffdc4c5afbb is not stack'd, malloc'd or (recently) free'd
==89045== 
==89045== Invalid read of size 1
==89045==    at 0x532A484: __strlen_sse2 (vg_replace_strmem.c:508)
==89045==    by 0x41C323C: ??? (in /usr/lib/cargo/bin/coreutils/wc)
==89045==    by 0x417E2C6: ??? (in /usr/lib/cargo/bin/coreutils/wc)
==89045==    by 0x417E215: ??? (in /usr/lib/cargo/bin/coreutils/wc)
==89045==    by 0x4318F5C: ??? (in /usr/lib/cargo/bin/coreutils/wc)
==89045==    by 0x417E203: ??? (in /usr/lib/cargo/bin/coreutils/wc)
==89045==    by 0x54FD600: (below main) (libc_start_call_main.h:59)
==89045==  Address 0x7ffdc4c5afbc is not stack'd, malloc'd or (recently) free'd
==89045== 
==89045== Invalid read of size 1
==89045==    at 0x41C329D: ??? (in /usr/lib/cargo/bin/coreutils/wc)
==89045==    by 0x417E2C6: ??? (in /usr/lib/cargo/bin/coreutils/wc)
==89045==    by 0x417E215: ??? (in /usr/lib/cargo/bin/coreutils/wc)
==89045==    by 0x4318F5C: ??? (in /usr/lib/cargo/bin/coreutils/wc)
==89045==    by 0x417E203: ??? (in /usr/lib/cargo/bin/coreutils/wc)
==89045==    by 0x54FD600: (below main) (libc_start_call_main.h:59)
==89045==  Address 0x7ffdc4c5aff6 is not stack'd, malloc'd or (recently) free'd
==89045== 
==89045== Invalid read of size 1
==89045==    at 0x532D6BD: __memcmp_sse2 (vg_replace_strmem.c:1232)
==89045==    by 0x410814F: ??? (in /usr/lib/cargo/bin/coreutils/wc)
==89045==    by 0x41C3325: ??? (in /usr/lib/cargo/bin/coreutils/wc)
==89045==    by 0x417E2C6: ??? (in /usr/lib/cargo/bin/coreutils/wc)
==89045==    by 0x417E215: ??? (in /usr/lib/cargo/bin/coreutils/wc)
==89045==    by 0x4318F5C: ??? (in /usr/lib/cargo/bin/coreutils/wc)
==89045==    by 0x417E203: ??? (in /usr/lib/cargo/bin/coreutils/wc)
==89045==    by 0x54FD600: (below main) (libc_start_call_main.h:59)
==89045==  Address 0x7ffdc4c5afbb is not stack'd, malloc'd or (recently) free'd
==89045== 
==89045== Invalid read of size 1
==89045==    at 0x532BA30: memcpy@GLIBC_2.2.5 (vg_replace_strmem.c:1149)
==89045==    by 0x432558F: ??? (in /usr/lib/cargo/bin/coreutils/wc)
==89045==    by 0x4335255: ??? (in /usr/lib/cargo/bin/coreutils/wc)
==89045==    by 0x4311950: ??? (in /usr/lib/cargo/bin/coreutils/wc)
==89045==    by 0x425C268: ??? (in /usr/lib/cargo/bin/coreutils/wc)
==89045==    by 0x41C335D: ??? (in /usr/lib/cargo/bin/coreutils/wc)
==89045==    by 0x417E2C6: ??? (in /usr/lib/cargo/bin/coreutils/wc)
==89045==    by 0x417E215: ??? (in /usr/lib/cargo/bin/coreutils/wc)
==89045==    by 0x4318F5C: ??? (in /usr/lib/cargo/bin/coreutils/wc)
==89045==    by 0x417E203: ??? (in /usr/lib/cargo/bin/coreutils/wc)
==89045==    by 0x54FD600: (below main) (libc_start_call_main.h:59)
==89045==  Address 0x7ffdc4c5afbb is not stack'd, malloc'd or (recently) free'd
==89045== 
==89045== Invalid read of size 1
==89045==    at 0x532BA3D: memcpy@GLIBC_2.2.5 (vg_replace_strmem.c:1149)
==89045==    by 0x432558F: ??? (in /usr/lib/cargo/bin/coreutils/wc)
==89045==    by 0x4335255: ??? (in /usr/lib/cargo/bin/coreutils/wc)
==89045==    by 0x4311950: ??? (in /usr/lib/cargo/bin/coreutils/wc)
==89045==    by 0x425C268: ??? (in /usr/lib/cargo/bin/coreutils/wc)
==89045==    by 0x41C335D: ??? (in /usr/lib/cargo/bin/coreutils/wc)
==89045==    by 0x417E2C6: ??? (in /usr/lib/cargo/bin/coreutils/wc)
==89045==    by 0x417E215: ??? (in /usr/lib/cargo/bin/coreutils/wc)
==89045==    by 0x4318F5C: ??? (in /usr/lib/cargo/bin/coreutils/wc)
==89045==    by 0x417E203: ??? (in /usr/lib/cargo/bin/coreutils/wc)
==89045==    by 0x54FD600: (below main) (libc_start_call_main.h:59)
==89045==  Address 0x7ffdc4c5afbd is not stack'd, malloc'd or (recently) free'd
==89045== 
==89045== Invalid read of size 1
==89045==    at 0x532BA30: memcpy@GLIBC_2.2.5 (vg_replace_strmem.c:1149)
==89045==    by 0x41BB20E: ??? (in /usr/lib/cargo/bin/coreutils/wc)
==89045==    by 0x41C33DD: ??? (in /usr/lib/cargo/bin/coreutils/wc)
==89045==    by 0x417E2C6: ??? (in /usr/lib/cargo/bin/coreutils/wc)
==89045==    by 0x417E215: ??? (in /usr/lib/cargo/bin/coreutils/wc)
==89045==    by 0x4318F5C: ??? (in /usr/lib/cargo/bin/coreutils/wc)
==89045==    by 0x417E203: ??? (in /usr/lib/cargo/bin/coreutils/wc)
==89045==    by 0x54FD600: (below main) (libc_start_call_main.h:59)
==89045==  Address 0x7ffdc4c5afbb is not stack'd, malloc'd or (recently) free'd
==89045== 
==89045== Invalid read of size 1
==89045==    at 0x532BA3D: memcpy@GLIBC_2.2.5 (vg_replace_strmem.c:1149)
==89045==    by 0x41BB20E: ??? (in /usr/lib/cargo/bin/coreutils/wc)
==89045==    by 0x41C33DD: ??? (in /usr/lib/cargo/bin/coreutils/wc)
==89045==    by 0x417E2C6: ??? (in /usr/lib/cargo/bin/coreutils/wc)
==89045==    by 0x417E215: ??? (in /usr/lib/cargo/bin/coreutils/wc)
==89045==    by 0x4318F5C: ??? (in /usr/lib/cargo/bin/coreutils/wc)
==89045==    by 0x417E203: ??? (in /usr/lib/cargo/bin/coreutils/wc)
==89045==    by 0x54FD600: (below main) (libc_start_call_main.h:59)
==89045==  Address 0x7ffdc4c5afbd is not stack'd, malloc'd or (recently) free'd
==89045== 
==89045== 
==89045== FILE DESCRIPTORS: 4 open (4 inherited) at exit.
==89045== 
==89045== HEAP SUMMARY:
==89045==     in use at exit: 733 bytes in 6 blocks
==89045==   total heap usage: 19 allocs, 13 frees, 4,484 bytes allocated
==89045== 
==89045== LEAK SUMMARY:
==89045==    definitely lost: 0 bytes in 0 blocks
==89045==    indirectly lost: 0 bytes in 0 blocks
==89045==      possibly lost: 0 bytes in 0 blocks
==89045==    still reachable: 733 bytes in 6 blocks
==89045==         suppressed: 0 bytes in 0 blocks
==89045== Rerun with --leak-check=full to see details of leaked memory
==89045== 
==89045== For lists of detected and suppressed errors, rerun with: -s
==89045== ERROR SUMMARY: 204 errors from 8 contexts (suppressed: 0 from 0)
